2025-08-26 17:41:41,996 INFO use local db service for init

2025-08-26 17:41:42,780 WARN Lexical error at line 4, column 66.  Encountered: <EOF> after : "".

2025-08-26 17:41:42,783 WARN Syntax error: Encountered "*" at line 1, column 1.

2025-08-26 17:41:43,037 WARN Column 'SRC_IP' already exists in Table/View '"NACOS"."HIS_CONFIG_INFO"'.

2025-08-26 17:41:43,039 WARN Column 'SRC_IP' already exists in Table/View '"NACOS"."CONFIG_INFO"'.

2025-08-26 17:41:43,040 WARN Column 'PUBLISH_TYPE' already exists in Table/View '"NACOS"."HIS_CONFIG_INFO"'.

2025-08-26 17:41:43,043 WARN Column 'EXT_INFO' already exists in Table/View '"NACOS"."HIS_CONFIG_INFO"'.

2025-08-26 17:41:43,044 WARN Column 'GRAY_NAME' already exists in Table/View '"NACOS"."HIS_CONFIG_INFO"'.

2025-08-26 17:41:43,044 INFO use StandaloneDatabaseOperateImpl

2025-08-26 17:41:43,668 ERROR [db-error] DataAccessException : caused: StatementCallback; bad SQL grammar [SELECT COUNT(*) FROM config_info_beta ];caused: Table/View 'CONFIG_INFO_BETA' does not exist.;caused: Table/View 'CONFIG_INFO_BETA' does not exist.;

2025-08-26 17:43:48,748 INFO use local db service for init

2025-08-26 17:43:49,236 WARN Lexical error at line 4, column 66.  Encountered: <EOF> after : "".

2025-08-26 17:43:49,243 WARN Syntax error: Encountered "*" at line 1, column 1.

2025-08-26 17:43:49,304 WARN Table/View 'CONFIG_INFO' already exists in Schema 'NACOS'.

2025-08-26 17:43:49,368 WARN Table/View 'HIS_CONFIG_INFO' already exists in Schema 'NACOS'.

2025-08-26 17:43:49,403 WARN Table/View 'CONFIG_INFO_GRAY' already exists in Schema 'NACOS'.

2025-08-26 17:43:49,432 WARN Table/View 'APP_LIST' already exists in Schema 'NACOS'.

2025-08-26 17:43:49,455 WARN Table/View 'APP_CONFIGDATA_RELATION_SUBS' already exists in Schema 'NACOS'.

2025-08-26 17:43:49,481 WARN Table/View 'APP_CONFIGDATA_RELATION_PUBS' already exists in Schema 'NACOS'.

2025-08-26 17:43:49,506 WARN Table/View 'CONFIG_TAGS_RELATION' already exists in Schema 'NACOS'.

2025-08-26 17:43:49,536 WARN Table/View 'GROUP_CAPACITY' already exists in Schema 'NACOS'.

2025-08-26 17:43:49,557 WARN Table/View 'TENANT_CAPACITY' already exists in Schema 'NACOS'.

2025-08-26 17:43:49,581 WARN Table/View 'TENANT_INFO' already exists in Schema 'NACOS'.

2025-08-26 17:43:49,605 WARN Table/View 'USERS' already exists in Schema 'NACOS'.

2025-08-26 17:43:49,628 WARN Table/View 'ROLES' already exists in Schema 'NACOS'.

2025-08-26 17:43:49,653 WARN Table/View 'PERMISSIONS' already exists in Schema 'NACOS'.

2025-08-26 17:43:49,663 WARN Column 'SRC_IP' already exists in Table/View '"NACOS"."HIS_CONFIG_INFO"'.

2025-08-26 17:43:49,666 WARN Column 'SRC_IP' already exists in Table/View '"NACOS"."CONFIG_INFO"'.

2025-08-26 17:43:49,670 WARN Column 'PUBLISH_TYPE' already exists in Table/View '"NACOS"."HIS_CONFIG_INFO"'.

2025-08-26 17:43:49,674 WARN Column 'EXT_INFO' already exists in Table/View '"NACOS"."HIS_CONFIG_INFO"'.

2025-08-26 17:43:49,677 WARN Column 'GRAY_NAME' already exists in Table/View '"NACOS"."HIS_CONFIG_INFO"'.

2025-08-26 17:43:49,677 INFO use StandaloneDatabaseOperateImpl

2025-08-26 17:43:50,543 ERROR [db-error] DataAccessException : caused: StatementCallback; bad SQL grammar [SELECT COUNT(*) FROM config_info_beta ];caused: Table/View 'CONFIG_INFO_BETA' does not exist.;caused: Table/View 'CONFIG_INFO_BETA' does not exist.;

2025-08-26 17:44:58,457 INFO use local db service for init

2025-08-26 17:44:58,788 WARN Lexical error at line 4, column 66.  Encountered: <EOF> after : "".

2025-08-26 17:44:58,791 WARN Syntax error: Encountered "*" at line 1, column 1.

2025-08-26 17:44:58,834 WARN Table/View 'CONFIG_INFO' already exists in Schema 'NACOS'.

2025-08-26 17:44:58,882 WARN Table/View 'HIS_CONFIG_INFO' already exists in Schema 'NACOS'.

2025-08-26 17:44:58,901 WARN Table/View 'CONFIG_INFO_GRAY' already exists in Schema 'NACOS'.

2025-08-26 17:44:58,929 WARN Table/View 'APP_LIST' already exists in Schema 'NACOS'.

2025-08-26 17:44:58,943 WARN Table/View 'APP_CONFIGDATA_RELATION_SUBS' already exists in Schema 'NACOS'.

2025-08-26 17:44:58,961 WARN Table/View 'APP_CONFIGDATA_RELATION_PUBS' already exists in Schema 'NACOS'.

2025-08-26 17:44:58,973 WARN Table/View 'CONFIG_TAGS_RELATION' already exists in Schema 'NACOS'.

2025-08-26 17:44:58,990 WARN Table/View 'GROUP_CAPACITY' already exists in Schema 'NACOS'.

2025-08-26 17:44:59,013 WARN Table/View 'TENANT_CAPACITY' already exists in Schema 'NACOS'.

2025-08-26 17:44:59,025 WARN Table/View 'TENANT_INFO' already exists in Schema 'NACOS'.

2025-08-26 17:44:59,050 WARN Table/View 'USERS' already exists in Schema 'NACOS'.

2025-08-26 17:44:59,071 WARN Table/View 'ROLES' already exists in Schema 'NACOS'.

2025-08-26 17:44:59,094 WARN Table/View 'PERMISSIONS' already exists in Schema 'NACOS'.

2025-08-26 17:44:59,100 WARN Column 'SRC_IP' already exists in Table/View '"NACOS"."HIS_CONFIG_INFO"'.

2025-08-26 17:44:59,101 WARN Column 'SRC_IP' already exists in Table/View '"NACOS"."CONFIG_INFO"'.

2025-08-26 17:44:59,102 WARN Column 'PUBLISH_TYPE' already exists in Table/View '"NACOS"."HIS_CONFIG_INFO"'.

2025-08-26 17:44:59,103 WARN Column 'EXT_INFO' already exists in Table/View '"NACOS"."HIS_CONFIG_INFO"'.

2025-08-26 17:44:59,104 WARN Column 'GRAY_NAME' already exists in Table/View '"NACOS"."HIS_CONFIG_INFO"'.

2025-08-26 17:44:59,104 INFO use StandaloneDatabaseOperateImpl

2025-08-26 17:44:59,606 ERROR [db-error] DataAccessException : caused: StatementCallback; bad SQL grammar [SELECT COUNT(*) FROM config_info_beta ];caused: Table/View 'CONFIG_INFO_BETA' does not exist.;caused: Table/View 'CONFIG_INFO_BETA' does not exist.;

2025-08-26 17:45:06,642 INFO use local db service for init

2025-08-26 17:45:07,050 WARN Lexical error at line 4, column 66.  Encountered: <EOF> after : "".

2025-08-26 17:45:07,053 WARN Syntax error: Encountered "*" at line 1, column 1.

2025-08-26 17:45:07,092 WARN Table/View 'CONFIG_INFO' already exists in Schema 'NACOS'.

2025-08-26 17:45:07,140 WARN Table/View 'HIS_CONFIG_INFO' already exists in Schema 'NACOS'.

2025-08-26 17:45:07,171 WARN Table/View 'CONFIG_INFO_GRAY' already exists in Schema 'NACOS'.

2025-08-26 17:45:07,201 WARN Table/View 'APP_LIST' already exists in Schema 'NACOS'.

2025-08-26 17:45:07,218 WARN Table/View 'APP_CONFIGDATA_RELATION_SUBS' already exists in Schema 'NACOS'.

2025-08-26 17:45:07,241 WARN Table/View 'APP_CONFIGDATA_RELATION_PUBS' already exists in Schema 'NACOS'.

2025-08-26 17:45:07,259 WARN Table/View 'CONFIG_TAGS_RELATION' already exists in Schema 'NACOS'.

2025-08-26 17:45:07,272 WARN Table/View 'GROUP_CAPACITY' already exists in Schema 'NACOS'.

2025-08-26 17:45:07,284 WARN Table/View 'TENANT_CAPACITY' already exists in Schema 'NACOS'.

2025-08-26 17:45:07,299 WARN Table/View 'TENANT_INFO' already exists in Schema 'NACOS'.

2025-08-26 17:45:07,319 WARN Table/View 'USERS' already exists in Schema 'NACOS'.

2025-08-26 17:45:07,330 WARN Table/View 'ROLES' already exists in Schema 'NACOS'.

2025-08-26 17:45:07,344 WARN Table/View 'PERMISSIONS' already exists in Schema 'NACOS'.

2025-08-26 17:45:07,351 WARN Column 'SRC_IP' already exists in Table/View '"NACOS"."HIS_CONFIG_INFO"'.

2025-08-26 17:45:07,353 WARN Column 'SRC_IP' already exists in Table/View '"NACOS"."CONFIG_INFO"'.

2025-08-26 17:45:07,354 WARN Column 'PUBLISH_TYPE' already exists in Table/View '"NACOS"."HIS_CONFIG_INFO"'.

2025-08-26 17:45:07,355 WARN Column 'EXT_INFO' already exists in Table/View '"NACOS"."HIS_CONFIG_INFO"'.

2025-08-26 17:45:07,356 WARN Column 'GRAY_NAME' already exists in Table/View '"NACOS"."HIS_CONFIG_INFO"'.

2025-08-26 17:45:07,356 INFO use StandaloneDatabaseOperateImpl

2025-08-26 17:45:07,854 ERROR [db-error] DataAccessException : caused: StatementCallback; bad SQL grammar [SELECT COUNT(*) FROM config_info_beta ];caused: Table/View 'CONFIG_INFO_BETA' does not exist.;caused: Table/View 'CONFIG_INFO_BETA' does not exist.;

2025-08-26 17:45:12,045 ERROR [db-error] DataAccessException : caused: StatementCallback; bad SQL grammar [SELECT COUNT(*) FROM config_info_beta ];caused: Table/View 'CONFIG_INFO_BETA' does not exist.;caused: Table/View 'CONFIG_INFO_BETA' does not exist.;

2025-08-26 17:45:13,116 ERROR [db-error] DataAccessException : caused: StatementCallback; bad SQL grammar [SELECT COUNT(*) FROM config_info_beta ];caused: Table/View 'CONFIG_INFO_BETA' does not exist.;caused: Table/View 'CONFIG_INFO_BETA' does not exist.;

